// Jest Snapshot v1, https://goo.gl/fbAQLP

exports[`Header renders correctly 1`] = `
<div
  style={
    Object {
      "display": "flex",
      "justifyContent": "center",
    }
  }
>
  <img
    alt="pouring"
    src="test-file-stub"
    style={
      Object {
        "height": "40vh",
      }
    }
  />
</div>
`;
